// Jest Snapshot v1, https://goo.gl/fbAQLP

exports[`<Gallery /> renders correctly 1`] = `
<section
  className="gallery"
>
  <div
    className="gallery__item"
  >
    <img
      alt="Estate img 0"
      data-photo={0}
      onClick={[Function]}
      src="image-1.jpg"
    />
  </div>
  <div
    className="gallery__item"
  >
    <img
      alt="Estate img 1"
      data-photo={1}
      onClick={[Function]}
      src="image-2.jpg"
    />
  </div>
  <div
    className="gallery__item"
  >
    <img
      alt="Estate img 2"
      data-photo={2}
      onClick={[Function]}
      src="image-3.jpg"
    />
  </div>
  <div
    className="gallery__item"
  >
    <img
      alt="Estate img 3"
      data-photo={3}
      onClick={[Function]}
      src="image-4.jpg"
    />
  </div>
</section>
`;
